<!DOCTYPE html>
<html lang="en" data-theme="light">

<head>
    <title>
        Page Not Found    </title>
    <meta name="description" content="CLASSROOM20x.com brings free unblocked gaames to everyone! Explore action-packed, fast-loading games like Polytrack, Swingo, Subway Surfers, Basket Random and more. Easy and fun site made for school breaks and beyond.">
    <meta charset="UTF-8">
    <meta http-equiv="X-UA-Compatible" content="IE=edge">
    <meta name="viewport" content="width=device-width, initial-scale=1">
    <meta name="theme-color" content="#121217">
    <meta name="mobile-web-app-capable" content="yes">
    <meta name="HandheldFriendly" content="True">
    <meta http-equiv="cleartype" content="on">
<link rel="preconnect" href="//pagead2.googlesyndication.com">
<link rel="preconnect" href="//googleads.g.doubleclick.net/">
<link rel="preconnect" href="//adservice.google.com/">
<link rel="preconnect" href="//www.googletagservices.com">
<link rel="preconnect" href="//tpc.googlesyndication.com">
    <link rel="dns-prefetch" href="//ajax.googleapis.com" />
    <link rel="dns-prefetch" href="//www.googletagmanager.com" />
    <link rel="dns-prefetch" href="//fonts.googleapis.com" />
    <link rel="dns-prefetch" href="//fonts.gstatic.com" />
    <link rel="dns-prefetch" href="//cdnjs.cloudflare.com" />
    <link rel="dns-prefetch" href="//www.google-analytics.com">
            <link rel="canonical" href="https://classroom20x.com/404">
        <link rel="preload" as="font" type="font/woff2" href="https://classroom20x.com/public/assets/fonts/Inter-Regular.woff2?v=3.19" crossorigin="anonymous">
    <link rel="preload" as="font" type="font/woff2" href="https://classroom20x.com/public/assets/fonts/Inter-SemiBold.woff2?v=3.19" crossorigin="anonymous">
    <link rel="preload" as="font" type="font/woff2" href="https://classroom20x.com/public/assets/fonts/Inter-Medium.woff2?v=3.19" crossorigin="anonymous">
    <link rel="preload" as="font" type="font/woff2" href="https://classroom20x.com/public/assets/fonts/Inter-Bold.woff2?v=3.19" crossorigin="anonymous">
    <link rel="preload" as="font" type="font/woff2" href="https://classroom20x.com/public/assets/fonts/Inter-ExtraBold.woff2?v=3.19" crossorigin="anonymous">




    <link rel="preload" as="style" href="https://classroom20x.com/app/theme/assets/css/theme.css?v=1.0.0" />
    <link rel="preload" as="script" href="https://classroom20x.com/app/theme/assets/js/jquery.min.js?v=1.0.0" />
    <link media="all" rel="stylesheet" href="https://classroom20x.com/app/theme/assets/css/theme.css?v=1.0.0" type="text/css">
    <link rel="shortcut icon" href="https://classroom20x.com/public/static/favicon_1.ico?v=1.0.0">
    <script type="text/javascript">
    var Base = "https://classroom20x.com";
    var Assets = "https://classroom20x.com/public/assets";
        var _Auth = false;
        var __ = function(msgid) {
        return window.i18n[msgid] || msgid;
    };
    window.i18n = {
        'more': 'more',
        'less': 'less',
        'No comments yet': 'No comments yet',
    };
    </script>
 <script type="text/javascript">
   document.addEventListener("keydown", function(event) {
  if (event.keyCode === 38 || event.keyCode === 40) { // up or down arrow key
    event.preventDefault(); // prevent default scrolling behavior
  }
});
    </script>
<script async src="https://pagead2.googlesyndication.com/pagead/js/adsbygoogle.js?client=ca-pub-5116202848283675"
     crossorigin="anonymous"></script>
<!-- Google tag (gtag.js) -->
<script async src="https://www.googletagmanager.com/gtag/js?id=G-GY6MHTN3KD"></script>
<script>
  window.dataLayer = window.dataLayer || [];
  function gtag(){dataLayer.push(arguments);}
  gtag('js', new Date());

  gtag('config', 'G-GY6MHTN3KD');
</script>

    <style type="text/css">
    :root {
        --theme-color: #46494f;
        --xp-color: #1578bf;
        ;
    }
    </style>


</head>

<body class="min-vh-100 layout d-flex flex-column"><nav class="navbar navbar-expand-lg layout-header navbar-light">
    <div class="container-fluid">
        <button class="navbar-toggler border-0 shadow-none px-0" type="button" data-bs-toggle="collapse" data-bs-target="#navbar" aria-controls="navbar" aria-expanded="false" aria-label="Toggle navigation">
            <span class="navbar-toggler-icon"></span>
        </button>
        <a href="https://classroom20x.com" class="navbar-brand dark-logo me-lg-4">
            <img src="https://classroom20x.com/public/static/logo_3.png" height="30" alt="ClassRoom20x">
        </a>
        <a href="https://classroom20x.com" class="navbar-brand light-logo me-lg-4">
            <img src="https://classroom20x.com/public/static/dark_logo.svg" height="30" alt="ClassRoom20x">
        </a>
        <button class="navbar-toggler border-0 shadow-none px-0" type="button" data-bs-toggle="collapse" data-bs-target="#navbar" aria-controls="navbar" aria-expanded="false" aria-label="Toggle navigation">
            <svg width="24" height="24" stroke="currentColor" stroke-width="1.75" fill="none">
                <use xlink:href="https://classroom20x.com/public/assets/sprite/sprite.svg#search"></use>
            </svg>
        </button>
        <div class="collapse navbar-collapse" id="navbar">
            <ul class="navbar-nav mb-2 mb-lg-0 fs-sm align-items-lg-center">
                 <div class="category-btn">
            <a href="https://classroom20x.com/games/">NEW</a>
            <a href="https://classroom20x.com/games/most-popular">TRENDING</a>
            <div class="mx-4"></div>
        
        </div>
            </ul>
            <form class="form-search w-xxl-300 w-xl-250 ms-xl-4 mb-3 mb-lg-0" action="https://classroom20x.com/search" method="post">
                <input type="hidden" name="_TOKEN" value="JDJ5JDEwJFV2Z3dDZlFRZzVkUXpXU1kzN3R5b2VLQldXcUZRWHFzd2xTNGVJL0o3L0Z3N0VaYWVxUXoy">
                <input type="hidden" name="_ACTION" value="search">
                <div class="input-group input-group-inline shadow-none">
                    <span class="input-group-text bg-transparent border-0 text-gray-500 shadow-none ps-0 pe-3">
                        <svg width="18" height="18" stroke="currentColor" stroke-width="1.75" fill="none">
                            <use xlink:href="https://classroom20x.com/public/assets/sprite/sprite.svg#search"></use>
                        </svg>
                    </span>
                    <input type="text" name="q" class="form-control form-control-flush bg-transparent border-0 ps-0" id="search" placeholder="Search .." aria-label="Search" required="true" minlength="3">
                </div>
            </form>
            <ul class="navbar-nav mb-2 mb-lg-0 fw-semibold align-items-xl-center ms-xl-auto">
                <li class="nav-item">
                    <a href="https://classroom20x.com/leaderboard" class="nav-link" data-bs-tooltip="tooltip" data-bs-placement="bottom" title="Leaderboard">
                        <svg width="16" height="16" fill="currentColor">
                            <use xlink:href="https://classroom20x.com/public/assets/sprite/sprite.svg#leader"></use>
                        </svg>
                    </a>
                </li>
              
                                <li class="nav-item">
                    <a rel="nofollow" href="https://classroom20x.com/login" class="nav-link fs-sm fw-normal">
                        Login</a>
                </li>
                <li class="nav-item">
                    <a rel="nofollow" href="https://classroom20x.com/register" class="nav-link fs-sm fw-normal">
                        Sign up</a>
                </li>
                            </ul>
        </div>
    </div>
</nav><div class="container">
    <div class="text-center py-8">
        <div class="text-theme">
            <svg width="160" height="160" fill="currentColor">
                <use xlink:href="https://classroom20x.com/public/assets/sprite/sprite.svg#monster"></use>
            </svg>
        </div>
        <div class="display-1 fw-black text-heading">404</div>
        <div class="h3 text-uppercase fw-black text-heading">Page Not Found</div>
    </div>
</div>
    </div>
</div>
<script defer="" src="https://classroom20x.com/app/theme/assets/js/jquery.min.js?v=1.0.0"></script>
<script defer="" src="https://classroom20x.com/app/theme/assets/js/bootstrap.js?v=1.0.0"></script>
<script defer="" src="https://classroom20x.com/app/theme/assets/js/lazysizes.js?v=1.0.0"></script>
<script defer="" src="https://classroom20x.com/app/theme/assets/js/main.js?v=1.0.0"></script> <div class="footer py-2 mt-auto">
    <div class="container-fluid">
        <div class="row align-items-center no-gutters py-2 fs-14">
            <!-- Desc -->
            <div class="col-lg-8 col-md-5 col-12">
                <div class="fs-xs text-muted">Copyright © 2024
                    <i>Classroom20x.com - Unblocked Online Games</i> <br><br> Fast-loading unblocked games for instant play. * Kids Safe Games and Enviroment //
An website full of unblocked games online, perfect for quick breaks from daily routine.
 <br><br><b><i>Classroom 20X - quality before quantity! </b></i>

					
</div>
            </div>
			
			<div class="col-lg-3 col-md-5 col-12">
			<div class="fs-xs text-muted">
			 
			<br>
			                     <a class="nav-link text-current" rel="nofollow" href="https://classroom20x.com/page/terms-and-conditions">
                        Terms and Conditions</a>
                                        <a class="nav-link text-current" rel="nofollow" href="https://classroom20x.com/page/contact">
                        Contact</a>
                                        <a class="nav-link text-current" rel="nofollow" href="https://classroom20x.com/page/privacy-policy">
                        Privacy Policy</a>
                    					
					
					<a class="nav-link text-current"  href="/sitemap.game_1.xml">
                        Sitemap</a>
			
			</div>
			    </div>
			
			
   
        </div>
    </div>
</div>

<div class="modal" id="xl" tabindex="-1" aria-labelledby="modal" aria-hidden="true">
    <div class="modal-dialog modal-dialog-centered modal-xl">
        <div class="modal-content">
        </div>
    </div>
</div>
<div class="modal" id="lg" tabindex="-1" aria-labelledby="modal" aria-hidden="true">
    <div class="modal-dialog modal-dialog-centered modal-lg">
        <div class="modal-content">
        </div>
    </div>
</div>
<div class="modal" id="m" tabindex="-1" aria-labelledby="modal" aria-hidden="true">
    <div class="modal-dialog modal-dialog-centered">
        <div class="modal-content">
        </div>
    </div>
</div>
<div class="modal" id="sm" tabindex="-1" aria-labelledby="modal" aria-hidden="true">
    <div class="modal-dialog modal-dialog-centered modal-sm">
        <div class="modal-content">
        </div>
    </div>
</div>
</body>

</html>